\BOOKMARK [1][-]{section.1}{\376\377\000I\000n\000t\000r\000o\000d\000u\000c\000t\000i\000o\000n}{}% 1
\BOOKMARK [1][-]{section.2}{\376\377\000A\000s\000s\000u\000m\000p\000t\000i\000o\000n\000s\000\040\000a\000n\000d\000\040\000J\000u\000s\000t\000i\000f\000i\000c\000a\000t\000i\000o\000n\000s}{}% 2
\BOOKMARK [1][-]{section.3}{\376\377\000M\000o\000d\000e\000l\000\040\000I\000:\000\040\000T\000h\000e\000\040\000K\000i\000n\000e\000t\000i\000c\000\040\000B\000a\000t\000t\000e\000r\000y\000\040\000M\000o\000d\000e\000l\000\040\000\050\000C\000o\000n\000c\000e\000p\000t\000u\000a\000l\000\040\000F\000o\000u\000n\000d\000a\000t\000i\000o\000n\000\051}{}% 3
\BOOKMARK [1][-]{section.4}{\376\377\000M\000o\000d\000e\000l\000\040\000I\000I\000:\000\040\000T\000h\000e\000\040\000C\000o\000n\000t\000i\000n\000u\000o\000u\000s\000-\000T\000i\000m\000e\000\040\000E\000l\000e\000c\000t\000r\000o\000-\000T\000h\000e\000r\000m\000a\000l\000\040\000E\000n\000g\000i\000n\000e}{}% 4
\BOOKMARK [2][-]{subsection.4.1}{\376\377\000E\000q\000u\000i\000v\000a\000l\000e\000n\000t\000\040\000C\000i\000r\000c\000u\000i\000t\000\040\000D\000y\000n\000a\000m\000i\000c\000s\000\040\000\050\000K\000i\000r\000c\000h\000h\000o\000f\000f\000'\000s\000\040\000L\000a\000w\000s\000\051}{section.4}% 5
\BOOKMARK [3][-]{subsubsection.4.1.1}{\376\377\000K\000i\000r\000c\000h\000h\000o\000f\000f\000'\000s\000\040\000V\000o\000l\000t\000a\000g\000e\000\040\000L\000a\000w}{subsection.4.1}% 6
\BOOKMARK [3][-]{subsubsection.4.1.2}{\376\377\000R\000C\000\040\000D\000y\000n\000a\000m\000i\000c\000s}{subsection.4.1}% 7
\BOOKMARK [3][-]{subsubsection.4.1.3}{\376\377\000S\000t\000a\000t\000e\000\040\000o\000f\000\040\000C\000h\000a\000r\000g\000e\000\040\000\050\000C\000o\000u\000l\000o\000m\000b\000\040\000C\000o\000u\000n\000t\000i\000n\000g\000\051}{subsection.4.1}% 8
\BOOKMARK [3][-]{subsubsection.4.1.4}{\376\377\000T\000h\000e\000\040\000O\000C\000V\000-\000S\000O\000C\000\040\000R\000e\000l\000a\000t\000i\000o\000n\000s\000h\000i\000p}{subsection.4.1}% 9
\BOOKMARK [2][-]{subsection.4.2}{\376\377\000T\000h\000e\000r\000m\000o\000d\000y\000n\000a\000m\000i\000c\000\040\000C\000o\000u\000p\000l\000i\000n\000g\000\040\000\050\000T\000h\000e\000\040\000F\000e\000e\000d\000b\000a\000c\000k\000\040\000L\000o\000o\000p\000\051}{section.4}% 10
\BOOKMARK [3][-]{subsubsection.4.2.1}{\376\377\000T\000h\000e\000\040\000H\000e\000a\000t\000\040\000E\000q\000u\000a\000t\000i\000o\000n}{subsection.4.2}% 11
\BOOKMARK [3][-]{subsubsection.4.2.2}{\376\377\000T\000e\000m\000p\000e\000r\000a\000t\000u\000r\000e\000-\000D\000e\000p\000e\000n\000d\000e\000n\000t\000\040\000R\000e\000s\000i\000s\000t\000a\000n\000c\000e\000\040\000\050\000A\000r\000r\000h\000e\000n\000i\000u\000s\000\051}{subsection.4.2}% 12
\BOOKMARK [3][-]{subsubsection.4.2.3}{\376\377\000T\000h\000e\000\040\000F\000e\000e\000d\000b\000a\000c\000k\000\040\000M\000e\000c\000h\000a\000n\000i\000s\000m}{subsection.4.2}% 13
\BOOKMARK [2][-]{subsection.4.3}{\376\377\000T\000h\000e\000\040\0005\000G\000\040\000R\000R\000C\000\040\000S\000t\000a\000t\000e\000\040\000M\000a\000c\000h\000i\000n\000e\000\040\000\050\000T\000h\000e\000\040\000I\000n\000p\000u\000t\000\040\000M\000o\000d\000e\000l\000\051}{section.4}% 14
\BOOKMARK [3][-]{subsubsection.4.3.1}{\376\377\000T\000h\000e\000\040\000T\000h\000r\000e\000e\000\040\000S\000t\000a\000t\000e\000s}{subsection.4.3}% 15
\BOOKMARK [3][-]{subsubsection.4.3.2}{\376\377\000T\000h\000e\000\040\000T\000a\000i\000l\000\040\000E\000n\000e\000r\000g\000y\000\040\000P\000r\000o\000b\000l\000e\000m}{subsection.4.3}% 16
\BOOKMARK [3][-]{subsubsection.4.3.3}{\376\377\000T\000h\000e\000\040\000E\000f\000f\000i\000c\000i\000e\000n\000c\000y\000\040\000C\000r\000o\000s\000s\000o\000v\000e\000r}{subsection.4.3}% 17
\BOOKMARK [2][-]{subsection.4.4}{\376\377\000T\000h\000e\000\040\000A\000c\000t\000i\000v\000i\000t\000y\000-\000t\000o\000-\000C\000u\000r\000r\000e\000n\000t\000\040\000M\000a\000p\000p\000e\000r}{section.4}% 18
\BOOKMARK [3][-]{subsubsection.4.4.1}{\376\377\000O\000L\000E\000D\000\040\000D\000i\000s\000p\000l\000a\000y\000\040\000M\000o\000d\000e\000l}{subsection.4.4}% 19
\BOOKMARK [3][-]{subsubsection.4.4.2}{\376\377\000C\000P\000U\000\040\000D\000V\000F\000S\000\040\000M\000o\000d\000e\000l}{subsection.4.4}% 20
\BOOKMARK [2][-]{subsection.4.5}{\376\377\000T\000h\000e\000\040\000C\000o\000m\000p\000l\000e\000t\000e\000\040\000S\000t\000a\000t\000e\000-\000S\000p\000a\000c\000e\000\040\000S\000y\000s\000t\000e\000m}{section.4}% 21
\BOOKMARK [1][-]{section.5}{\376\377\000V\000a\000l\000i\000d\000a\000t\000i\000o\000n\000\040\000a\000n\000d\000\040\000P\000a\000r\000a\000m\000e\000t\000e\000r\000\040\000E\000s\000t\000i\000m\000a\000t\000i\000o\000n}{}% 22
\BOOKMARK [2][-]{subsection.5.1}{\376\377\000D\000a\000t\000a\000\040\000S\000o\000u\000r\000c\000e\000s}{section.5}% 23
\BOOKMARK [2][-]{subsection.5.2}{\376\377\000P\000a\000r\000a\000m\000e\000t\000e\000r\000\040\000E\000s\000t\000i\000m\000a\000t\000i\000o\000n\000\040\000v\000i\000a\000\040\000G\000e\000n\000e\000t\000i\000c\000\040\000A\000l\000g\000o\000r\000i\000t\000h\000m}{section.5}% 24
\BOOKMARK [2][-]{subsection.5.3}{\376\377\000V\000a\000l\000i\000d\000a\000t\000i\000o\000n\000\040\000R\000e\000s\000u\000l\000t\000s}{section.5}% 25
\BOOKMARK [2][-]{subsection.5.4}{\376\377\000R\000e\000s\000i\000d\000u\000a\000l\000\040\000A\000n\000a\000l\000y\000s\000i\000s\000:\000\040\000P\000r\000o\000v\000i\000n\000g\000\040\000P\000h\000y\000s\000i\000c\000a\000l\000\040\000C\000o\000m\000p\000l\000e\000t\000e\000n\000e\000s\000s}{section.5}% 26
\BOOKMARK [1][-]{section.6}{\376\377\000S\000c\000e\000n\000a\000r\000i\000o\000\040\000A\000n\000a\000l\000y\000s\000i\000s\000:\000\040\000T\000h\000e\000\040\000H\000u\000m\000a\000n\000\040\000E\000l\000e\000m\000e\000n\000t}{}% 27
\BOOKMARK [2][-]{subsection.6.1}{\376\377\000T\000h\000e\000\040\000C\000h\000a\000t\000t\000y\000\040\000v\000s\000.\000\040\000S\000t\000r\000e\000a\000m\000i\000n\000g\000\040\000P\000a\000r\000a\000d\000o\000x}{section.6}% 28
\BOOKMARK [2][-]{subsection.6.2}{\376\377\000V\000i\000s\000u\000a\000l\000i\000z\000i\000n\000g\000\040\000t\000h\000e\000\040\000P\000a\000t\000t\000e\000r\000n\000\040\000T\000r\000a\000d\000e\000-\000o\000f\000f\000s}{section.6}% 29
\BOOKMARK [1][-]{section.7}{\376\377\000D\000e\000v\000i\000c\000e\000\040\000S\000e\000n\000s\000i\000t\000i\000v\000i\000t\000y\000\040\000A\000n\000a\000l\000y\000s\000i\000s}{}% 30
\BOOKMARK [2][-]{subsection.7.1}{\376\377\000D\000e\000v\000i\000c\000e\000\040\000S\000p\000e\000c\000i\000f\000i\000c\000a\000t\000i\000o\000n\000s\000\040\000C\000o\000m\000p\000a\000r\000i\000s\000o\000n}{section.7}% 31
\BOOKMARK [2][-]{subsection.7.2}{\376\377\000T\000h\000e\000\040\000E\000f\000f\000i\000c\000i\000e\000n\000c\000y\000\040\000T\000r\000a\000d\000e\000-\000o\000f\000f}{section.7}% 32
\BOOKMARK [1][-]{section.8}{\376\377\000L\000o\000n\000g\000-\000T\000e\000r\000m\000\040\000A\000g\000i\000n\000g\000\040\000a\000n\000d\000\040\000C\000h\000a\000r\000g\000i\000n\000g\000\040\000E\000f\000f\000e\000c\000t\000s}{}% 33
\BOOKMARK [2][-]{subsection.8.1}{\376\377\000T\000h\000e\000\040\000C\000y\000c\000l\000i\000n\000g\000\040\000A\000g\000i\000n\000g\000\040\000M\000o\000d\000e\000l\000\040\000\050\000N\000\040\000L\000a\000w\000\051}{section.8}% 34
\BOOKMARK [2][-]{subsection.8.2}{\376\377\000I\000m\000p\000a\000c\000t\000\040\000o\000f\000\040\000C\000h\000a\000r\000g\000i\000n\000g\000\040\000S\000o\000u\000r\000c\000e}{section.8}% 35
\BOOKMARK [1][-]{section.9}{\376\377\000S\000e\000n\000s\000i\000t\000i\000v\000i\000t\000y\000\040\000A\000n\000a\000l\000y\000s\000i\000s}{}% 36
\BOOKMARK [2][-]{subsection.9.1}{\376\377\000O\000-\000P\000r\000i\000z\000e\000\040\000S\000e\000n\000s\000i\000t\000i\000v\000i\000t\000y\000\040\000I\000n\000d\000i\000c\000e\000s}{section.9}% 37
\BOOKMARK [3][-]{subsubsection.9.1.1}{\376\377\000C\000o\000n\000t\000r\000o\000l\000l\000a\000b\000l\000e\000\040\000v\000s\000.\000\040\000U\000n\000c\000o\000n\000t\000r\000o\000l\000l\000a\000b\000l\000e\000\040\000P\000a\000r\000a\000m\000e\000t\000e\000r\000s}{subsection.9.1}% 38
\BOOKMARK [1][-]{section.10}{\376\377\000R\000e\000c\000o\000m\000m\000e\000n\000d\000a\000t\000i\000o\000n\000s}{}% 39
\BOOKMARK [1][-]{section.11}{\376\377\000M\000o\000d\000e\000l\000\040\000G\000e\000n\000e\000r\000a\000l\000i\000z\000a\000t\000i\000o\000n\000:\000\040\000F\000o\000l\000d\000a\000b\000l\000e\000\040\000D\000e\000v\000i\000c\000e\000s}{}% 40
\BOOKMARK [1][-]{section.12}{\376\377\000M\000o\000d\000e\000l\000\040\000S\000t\000r\000e\000n\000g\000t\000h\000s\000\040\000a\000n\000d\000\040\000L\000i\000m\000i\000t\000a\000t\000i\000o\000n\000s}{}% 41
\BOOKMARK [1][-]{section.13}{\376\377\000C\000o\000n\000c\000l\000u\000s\000i\000o\000n}{}% 42
\BOOKMARK [1][-]{section*.25}{\376\377\000M\000e\000m\000o\000r\000a\000n\000d\000u\000m}{}% 43
